Archive member included because of file (symbol)

e:/amit/sdk_win_64-2/sdk_win_64/winavr/bin/../lib/gcc/avr/4.3.3/avr5\libgcc.a(_udivmodhi4.o)
                              ./SevenSegment_Program.o (__udivmodhi4)
e:/amit/sdk_win_64-2/sdk_win_64/winavr/bin/../lib/gcc/avr/4.3.3/avr5\libgcc.a(_divmodhi4.o)
                              ./SevenSegment_Program.o (__divmodhi4)
e:/amit/sdk_win_64-2/sdk_win_64/winavr/bin/../lib/gcc/avr/4.3.3/avr5\libgcc.a(_exit.o)
                              e:/amit/sdk_win_64-2/sdk_win_64/winavr/bin/../lib/gcc/avr/4.3.3/../../../../avr/lib/avr5/crtm16.o (exit)
e:/amit/sdk_win_64-2/sdk_win_64/winavr/bin/../lib/gcc/avr/4.3.3/avr5\libgcc.a(_copy_data.o)
                              ./SevenSegment_Program.o (__do_copy_data)
e:/amit/sdk_win_64-2/sdk_win_64/winavr/bin/../lib/gcc/avr/4.3.3/avr5\libgcc.a(_clear_bss.o)
                              ./ADC_Program.o (__do_clear_bss)
e:/amit/sdk_win_64-2/sdk_win_64/winavr/bin/../lib/gcc/avr/4.3.3/avr5\libgcc.a(_fixunssfsi.o)
                              ./Button_Program.o (__fixunssfsi)
e:/amit/sdk_win_64-2/sdk_win_64/winavr/bin/../lib/gcc/avr/4.3.3/avr5\libgcc.a(_addsub_sf.o)
                              e:/amit/sdk_win_64-2/sdk_win_64/winavr/bin/../lib/gcc/avr/4.3.3/avr5\libgcc.a(_fixunssfsi.o) (__subsf3)
e:/amit/sdk_win_64-2/sdk_win_64/winavr/bin/../lib/gcc/avr/4.3.3/avr5\libgcc.a(_mul_sf.o)
                              ./Button_Program.o (__mulsf3)
e:/amit/sdk_win_64-2/sdk_win_64/winavr/bin/../lib/gcc/avr/4.3.3/avr5\libgcc.a(_gt_sf.o)
                              ./Button_Program.o (__gtsf2)
e:/amit/sdk_win_64-2/sdk_win_64/winavr/bin/../lib/gcc/avr/4.3.3/avr5\libgcc.a(_ge_sf.o)
                              e:/amit/sdk_win_64-2/sdk_win_64/winavr/bin/../lib/gcc/avr/4.3.3/avr5\libgcc.a(_fixunssfsi.o) (__gesf2)
e:/amit/sdk_win_64-2/sdk_win_64/winavr/bin/../lib/gcc/avr/4.3.3/avr5\libgcc.a(_lt_sf.o)
                              ./Button_Program.o (__ltsf2)
e:/amit/sdk_win_64-2/sdk_win_64/winavr/bin/../lib/gcc/avr/4.3.3/avr5\libgcc.a(_sf_to_si.o)
                              e:/amit/sdk_win_64-2/sdk_win_64/winavr/bin/../lib/gcc/avr/4.3.3/avr5\libgcc.a(_fixunssfsi.o) (__fixsfsi)
e:/amit/sdk_win_64-2/sdk_win_64/winavr/bin/../lib/gcc/avr/4.3.3/avr5\libgcc.a(_thenan_sf.o)
                              e:/amit/sdk_win_64-2/sdk_win_64/winavr/bin/../lib/gcc/avr/4.3.3/avr5\libgcc.a(_addsub_sf.o) (__thenan_sf)
e:/amit/sdk_win_64-2/sdk_win_64/winavr/bin/../lib/gcc/avr/4.3.3/avr5\libgcc.a(_prologue.o)
                              e:/amit/sdk_win_64-2/sdk_win_64/winavr/bin/../lib/gcc/avr/4.3.3/avr5\libgcc.a(_addsub_sf.o) (__prologue_saves__)
e:/amit/sdk_win_64-2/sdk_win_64/winavr/bin/../lib/gcc/avr/4.3.3/avr5\libgcc.a(_epilogue.o)
                              e:/amit/sdk_win_64-2/sdk_win_64/winavr/bin/../lib/gcc/avr/4.3.3/avr5\libgcc.a(_addsub_sf.o) (__epilogue_restores__)
e:/amit/sdk_win_64-2/sdk_win_64/winavr/bin/../lib/gcc/avr/4.3.3/avr5\libgcc.a(_pack_sf.o)
                              e:/amit/sdk_win_64-2/sdk_win_64/winavr/bin/../lib/gcc/avr/4.3.3/avr5\libgcc.a(_addsub_sf.o) (__pack_f)
e:/amit/sdk_win_64-2/sdk_win_64/winavr/bin/../lib/gcc/avr/4.3.3/avr5\libgcc.a(_unpack_sf.o)
                              e:/amit/sdk_win_64-2/sdk_win_64/winavr/bin/../lib/gcc/avr/4.3.3/avr5\libgcc.a(_addsub_sf.o) (__unpack_f)
e:/amit/sdk_win_64-2/sdk_win_64/winavr/bin/../lib/gcc/avr/4.3.3/avr5\libgcc.a(_fpcmp_parts_sf.o)
                              e:/amit/sdk_win_64-2/sdk_win_64/winavr/bin/../lib/gcc/avr/4.3.3/avr5\libgcc.a(_gt_sf.o) (__fpcmp_parts_f)

Allocating common symbols
Common symbol       size              file

arr_counter         0x1               ./System_Modes_Program.o
setting_counter     0x1               ./System_Modes_Program.o
target_temp         0x2               ./System_Modes_Program.o
toggle_f            0x2               ./System_Modes_Program.o
state               0x1               ./System_Modes_Program.o
current_temp        0x2               ./System_Modes_Program.o
State               0x1               ./ADC_Program.o
avg_temp            0x2               ./System_Modes_Program.o
temp_measure_counter
                    0x1               ./System_Modes_Program.o
sensor_flag         0x1               ./System_Modes_Program.o
temp_arr            0x14              ./System_Modes_Program.o

Memory Configuration

Name             Origin             Length             Attributes
text             0x00000000         0x00020000         xr
data             0x00800060         0x0000ffa0         rw !x
eeprom           0x00810000         0x00010000         rw !x
fuse             0x00820000         0x00000400         rw !x
lock             0x00830000         0x00000400         rw !x
signature        0x00840000         0x00000400         rw !x
*default*        0x00000000         0xffffffff

Linker script and memory map

LOAD e:/amit/sdk_win_64-2/sdk_win_64/winavr/bin/../lib/gcc/avr/4.3.3/../../../../avr/lib/avr5/crtm16.o
LOAD ./ADC_Program.o
LOAD ./Button_Program.o
LOAD ./C_H_Program.o
LOAD ./DIO_Program.o
LOAD ./EEPROM_Program.o
LOAD ./EXTI_Program.o
LOAD ./GIE_Program.o
LOAD ./LED_Program.o
LOAD ./SevenSegment_Program.o
LOAD ./System_Modes_Program.o
LOAD ./Timer_Program.o
LOAD ./main.o
LOAD e:/amit/sdk_win_64-2/sdk_win_64/winavr/bin/../lib/gcc/avr/4.3.3/avr5\libgcc.a
LOAD e:/amit/sdk_win_64-2/sdk_win_64/winavr/bin/../lib/gcc/avr/4.3.3/../../../../avr/lib/avr5\libc.a
LOAD e:/amit/sdk_win_64-2/sdk_win_64/winavr/bin/../lib/gcc/avr/4.3.3/avr5\libgcc.a

.hash
 *(.hash)

.dynsym
 *(.dynsym)

.dynstr
 *(.dynstr)

.gnu.version
 *(.gnu.version)

.gnu.version_d
 *(.gnu.version_d)

.gnu.version_r
 *(.gnu.version_r)

.rel.init
 *(.rel.init)

.rela.init
 *(.rela.init)

.rel.text
 *(.rel.text)
 *(.rel.text.*)
 *(.rel.gnu.linkonce.t*)

.rela.text
 *(.rela.text)
 *(.rela.text.*)
 *(.rela.gnu.linkonce.t*)

.rel.fini
 *(.rel.fini)

.rela.fini
 *(.rela.fini)

.rel.rodata
 *(.rel.rodata)
 *(.rel.rodata.*)
 *(.rel.gnu.linkonce.r*)

.rela.rodata
 *(.rela.rodata)
 *(.rela.rodata.*)
 *(.rela.gnu.linkonce.r*)

.rel.data
 *(.rel.data)
 *(.rel.data.*)
 *(.rel.gnu.linkonce.d*)

.rela.data
 *(.rela.data)
 *(.rela.data.*)
 *(.rela.gnu.linkonce.d*)

.rel.ctors
 *(.rel.ctors)

.rela.ctors
 *(.rela.ctors)

.rel.dtors
 *(.rel.dtors)

.rela.dtors
 *(.rela.dtors)

.rel.got
 *(.rel.got)

.rela.got
 *(.rela.got)

.rel.bss
 *(.rel.bss)

.rela.bss
 *(.rela.bss)

.rel.plt
 *(.rel.plt)

.rela.plt
 *(.rela.plt)

.text           0x00000000     0x2392
 *(.vectors)
 .vectors       0x00000000       0x54 e:/amit/sdk_win_64-2/sdk_win_64/winavr/bin/../lib/gcc/avr/4.3.3/../../../../avr/lib/avr5/crtm16.o
                0x00000000                __vectors
                0x00000000                __vector_default
 *(.vectors)
 *(.progmem.gcc*)
 *(.progmem*)
                0x00000054                . = ALIGN (0x2)
                0x00000054                __trampolines_start = .
 *(.trampolines)
 .trampolines   0x00000054        0x0 linker stubs
 *(.trampolines*)
                0x00000054                __trampolines_end = .
 *(.jumptables)
 *(.jumptables*)
 *(.lowtext)
 *(.lowtext*)
                0x00000054                __ctors_start = .
 *(.ctors)
                0x00000054                __ctors_end = .
                0x00000054                __dtors_start = .
 *(.dtors)
                0x00000054                __dtors_end = .
 SORT(*)(.ctors)
 SORT(*)(.dtors)
 *(.init0)
 .init0         0x00000054        0x0 e:/amit/sdk_win_64-2/sdk_win_64/winavr/bin/../lib/gcc/avr/4.3.3/../../../../avr/lib/avr5/crtm16.o
                0x00000054                __init
 *(.init0)
 *(.init1)
 *(.init1)
 *(.init2)
 .init2         0x00000054        0xc e:/amit/sdk_win_64-2/sdk_win_64/winavr/bin/../lib/gcc/avr/4.3.3/../../../../avr/lib/avr5/crtm16.o
 *(.init2)
 *(.init3)
 *(.init3)
 *(.init4)
 .init4         0x00000060       0x16 e:/amit/sdk_win_64-2/sdk_win_64/winavr/bin/../lib/gcc/avr/4.3.3/avr5\libgcc.a(_copy_data.o)
                0x00000060                __do_copy_data
 .init4         0x00000076       0x10 e:/amit/sdk_win_64-2/sdk_win_64/winavr/bin/../lib/gcc/avr/4.3.3/avr5\libgcc.a(_clear_bss.o)
                0x00000076                __do_clear_bss
 *(.init4)
 *(.init5)
 *(.init5)
 *(.init6)
 *(.init6)
 *(.init7)
 *(.init7)
 *(.init8)
 *(.init8)
 *(.init9)
 .init9         0x00000086        0x8 e:/amit/sdk_win_64-2/sdk_win_64/winavr/bin/../lib/gcc/avr/4.3.3/../../../../avr/lib/avr5/crtm16.o
 *(.init9)
 *(.text)
 .text          0x0000008e        0x4 e:/amit/sdk_win_64-2/sdk_win_64/winavr/bin/../lib/gcc/avr/4.3.3/../../../../avr/lib/avr5/crtm16.o
                0x0000008e                __vector_1
                0x0000008e                __vector_12
                0x0000008e                __bad_interrupt
                0x0000008e                __vector_3
                0x0000008e                __vector_11
                0x0000008e                __vector_13
                0x0000008e                __vector_17
                0x0000008e                __vector_7
                0x0000008e                __vector_5
                0x0000008e                __vector_4
                0x0000008e                __vector_9
                0x0000008e                __vector_2
                0x0000008e                __vector_15
                0x0000008e                __vector_8
                0x0000008e                __vector_14
                0x0000008e                __vector_10
                0x0000008e                __vector_16
                0x0000008e                __vector_20
 .text          0x00000092        0x0 ./ADC_Program.o
 .text          0x00000092        0x0 ./Button_Program.o
 .text          0x00000092        0x0 ./C_H_Program.o
 .text          0x00000092        0x0 ./DIO_Program.o
 .text          0x00000092        0x0 ./EEPROM_Program.o
 .text          0x00000092        0x0 ./EXTI_Program.o
 .text          0x00000092        0x0 ./GIE_Program.o
 .text          0x00000092        0x0 ./LED_Program.o
 .text          0x00000092        0x0 ./SevenSegment_Program.o
 .text          0x00000092        0x0 ./System_Modes_Program.o
 .text          0x00000092        0x0 ./Timer_Program.o
 .text          0x00000092        0x0 ./main.o
 .text          0x00000092        0x0 e:/amit/sdk_win_64-2/sdk_win_64/winavr/bin/../lib/gcc/avr/4.3.3/avr5\libgcc.a(_udivmodhi4.o)
 .text          0x00000092        0x0 e:/amit/sdk_win_64-2/sdk_win_64/winavr/bin/../lib/gcc/avr/4.3.3/avr5\libgcc.a(_divmodhi4.o)
 .text          0x00000092        0x0 e:/amit/sdk_win_64-2/sdk_win_64/winavr/bin/../lib/gcc/avr/4.3.3/avr5\libgcc.a(_exit.o)
 .text          0x00000092        0x0 e:/amit/sdk_win_64-2/sdk_win_64/winavr/bin/../lib/gcc/avr/4.3.3/avr5\libgcc.a(_copy_data.o)
 .text          0x00000092        0x0 e:/amit/sdk_win_64-2/sdk_win_64/winavr/bin/../lib/gcc/avr/4.3.3/avr5\libgcc.a(_clear_bss.o)
 .text          0x00000092       0x58 e:/amit/sdk_win_64-2/sdk_win_64/winavr/bin/../lib/gcc/avr/4.3.3/avr5\libgcc.a(_fixunssfsi.o)
                0x00000092                __fixunssfsi
 .text          0x000000ea      0x354 e:/amit/sdk_win_64-2/sdk_win_64/winavr/bin/../lib/gcc/avr/4.3.3/avr5\libgcc.a(_addsub_sf.o)
                0x00000382                __subsf3
                0x000003e4                __addsf3
 .text          0x0000043e      0x1f4 e:/amit/sdk_win_64-2/sdk_win_64/winavr/bin/../lib/gcc/avr/4.3.3/avr5\libgcc.a(_mul_sf.o)
                0x0000043e                __mulsf3
 .text          0x00000632       0x60 e:/amit/sdk_win_64-2/sdk_win_64/winavr/bin/../lib/gcc/avr/4.3.3/avr5\libgcc.a(_gt_sf.o)
                0x00000632                __gtsf2
 .text          0x00000692       0x60 e:/amit/sdk_win_64-2/sdk_win_64/winavr/bin/../lib/gcc/avr/4.3.3/avr5\libgcc.a(_ge_sf.o)
                0x00000692                __gesf2
 .text          0x000006f2       0x60 e:/amit/sdk_win_64-2/sdk_win_64/winavr/bin/../lib/gcc/avr/4.3.3/avr5\libgcc.a(_lt_sf.o)
                0x000006f2                __ltsf2
 .text          0x00000752       0xa8 e:/amit/sdk_win_64-2/sdk_win_64/winavr/bin/../lib/gcc/avr/4.3.3/avr5\libgcc.a(_sf_to_si.o)
                0x00000752                __fixsfsi
 .text          0x000007fa        0x0 e:/amit/sdk_win_64-2/sdk_win_64/winavr/bin/../lib/gcc/avr/4.3.3/avr5\libgcc.a(_thenan_sf.o)
 .text          0x000007fa        0x0 e:/amit/sdk_win_64-2/sdk_win_64/winavr/bin/../lib/gcc/avr/4.3.3/avr5\libgcc.a(_prologue.o)
 .text          0x000007fa        0x0 e:/amit/sdk_win_64-2/sdk_win_64/winavr/bin/../lib/gcc/avr/4.3.3/avr5\libgcc.a(_epilogue.o)
 .text          0x000007fa      0x1aa e:/amit/sdk_win_64-2/sdk_win_64/winavr/bin/../lib/gcc/avr/4.3.3/avr5\libgcc.a(_pack_sf.o)
                0x000007fa                __pack_f
 .text          0x000009a4       0xf0 e:/amit/sdk_win_64-2/sdk_win_64/winavr/bin/../lib/gcc/avr/4.3.3/avr5\libgcc.a(_unpack_sf.o)
                0x000009a4                __unpack_f
 .text          0x00000a94       0xb2 e:/amit/sdk_win_64-2/sdk_win_64/winavr/bin/../lib/gcc/avr/4.3.3/avr5\libgcc.a(_fpcmp_parts_sf.o)
                0x00000a94                __fpcmp_parts_f
                0x00000b46                . = ALIGN (0x2)
 *(.text.*)
 .text.ADC_voidInit
                0x00000b46       0x70 ./ADC_Program.o
                0x00000b46                ADC_voidInit
 .text.ADC_u16StartConversion
                0x00000bb6       0x76 ./ADC_Program.o
                0x00000bb6                ADC_u16StartConversion
 .text.Buttons_voidInit
                0x00000c2c       0x52 ./Button_Program.o
                0x00000c2c                Buttons_voidInit
 .text.UP_button
                0x00000c7e      0x10c ./Button_Program.o
                0x00000c7e                UP_button
 .text.down_button
                0x00000d8a      0x10c ./Button_Program.o
                0x00000d8a                down_button
 .text.heat_voidInit
                0x00000e96       0x18 ./C_H_Program.o
                0x00000e96                heat_voidInit
 .text.heat_Start
                0x00000eae       0x18 ./C_H_Program.o
                0x00000eae                heat_Start
 .text.heat_Stop
                0x00000ec6       0x18 ./C_H_Program.o
                0x00000ec6                heat_Stop
 .text.cool_voidInit
                0x00000ede       0x18 ./C_H_Program.o
                0x00000ede                cool_voidInit
 .text.cool_Start
                0x00000ef6       0x18 ./C_H_Program.o
                0x00000ef6                cool_Start
 .text.cool_Stop
                0x00000f0e       0x18 ./C_H_Program.o
                0x00000f0e                cool_Stop
 .text.DIO_u8SetPinDirection
                0x00000f26      0x21e ./DIO_Program.o
                0x00000f26                DIO_u8SetPinDirection
 .text.DIO_u8SetPinValue
                0x00001144      0x1fa ./DIO_Program.o
                0x00001144                DIO_u8SetPinValue
 .text.DIO_u8GetPinValue
                0x0000133e      0x126 ./DIO_Program.o
                0x0000133e                DIO_u8GetPinValue
 .text.DIO_u8SetPortDirection
                0x00001464       0xf0 ./DIO_Program.o
                0x00001464                DIO_u8SetPortDirection
 .text.DIO_u8SetPortValue
                0x00001554       0xf0 ./DIO_Program.o
                0x00001554                DIO_u8SetPortValue
 .text.EEPROM_voidWrite_Data
                0x00001644      0x17a ./EEPROM_Program.o
                0x00001644                EEPROM_voidWrite_Data
 .text.EEPROM_voidRead_Data
                0x000017be       0x30 ./EEPROM_Program.o
                0x000017be                EEPROM_voidRead_Data
 .text.EXTI_voidINT0_Init
                0x000017ee       0x38 ./EXTI_Program.o
                0x000017ee                EXTI_voidINT0_Init
 .text.EXTI_voidINT1_Init
                0x00001826       0x38 ./EXTI_Program.o
                0x00001826                EXTI_voidINT1_Init
 .text.EXTI_voidINT2_Init
                0x0000185e       0x2a ./EXTI_Program.o
                0x0000185e                EXTI_voidINT2_Init
 .text.GIE_voidEnable
                0x00001888       0x1c ./GIE_Program.o
                0x00001888                GIE_voidEnable
 .text.GIE_voidDisable
                0x000018a4       0x1c ./GIE_Program.o
                0x000018a4                GIE_voidDisable
 .text.led_voidInit
                0x000018c0       0x2a ./LED_Program.o
                0x000018c0                led_voidInit
 .text.led_voidOn
                0x000018ea       0x1c ./LED_Program.o
                0x000018ea                led_voidOn
 .text.led_voidOff
                0x00001906       0x1c ./LED_Program.o
                0x00001906                led_voidOff
 .text.SevenSegment_voidInit
                0x00001922       0x36 ./SevenSegment_Program.o
                0x00001922                SevenSegment_voidInit
 .text.SevenSegment_send
                0x00001958       0x2a ./SevenSegment_Program.o
                0x00001958                SevenSegment_send
 .text.SevenSegment_enable
                0x00001982       0x5a ./SevenSegment_Program.o
                0x00001982                SevenSegment_enable
 .text.SevenSegment_disable
                0x000019dc       0x2a ./SevenSegment_Program.o
                0x000019dc                SevenSegment_disable
 .text.SevenSegment_turn_off
                0x00001a06        0xe ./SevenSegment_Program.o
                0x00001a06                SevenSegment_turn_off
 .text.SevenSegment_write
                0x00001a14      0x234 ./SevenSegment_Program.o
                0x00001a14                SevenSegment_write
 .text.system_voidInit
                0x00001c48       0x72 ./System_Modes_Program.o
                0x00001c48                system_voidInit
 .text.on_voidState
                0x00001cba       0x84 ./System_Modes_Program.o
                0x00001cba                on_voidState
 .text.off_voidState
                0x00001d3e       0x1e ./System_Modes_Program.o
                0x00001d3e                off_voidState
 .text.set_voidState
                0x00001d5c       0xbe ./System_Modes_Program.o
                0x00001d5c                set_voidState
 .text.change_voidTemp
                0x00001e1a       0xba ./System_Modes_Program.o
                0x00001e1a                change_voidTemp
 .text.add_voidNew_Temp
                0x00001ed4       0x58 ./System_Modes_Program.o
                0x00001ed4                add_voidNew_Temp
 .text.calc_u16Avg_Temp
                0x00001f2c       0x80 ./System_Modes_Program.o
                0x00001f2c                calc_u16Avg_Temp
 .text.temp_arr_voidInit
                0x00001fac       0x6a ./System_Modes_Program.o
                0x00001fac                temp_arr_voidInit
 .text.sleep_voidCommand
                0x00002016        0xe ./System_Modes_Program.o
                0x00002016                sleep_voidCommand
 .text.TIMER0_voidInit
                0x00002024       0x62 ./Timer_Program.o
                0x00002024                TIMER0_voidInit
 .text.TIMER0_voidSetPreloadValue
                0x00002086       0x1c ./Timer_Program.o
                0x00002086                TIMER0_voidSetPreloadValue
 .text.TIMER0_voidSetCTCValue
                0x000020a2       0x1c ./Timer_Program.o
                0x000020a2                TIMER0_voidSetCTCValue
 .text.TIMER2_voidInit
                0x000020be       0x62 ./Timer_Program.o
                0x000020be                TIMER2_voidInit
 .text.TIMER2_voidSetPreloadValue
                0x00002120       0x1c ./Timer_Program.o
                0x00002120                TIMER2_voidSetPreloadValue
 .text.TIMER2_voidSetCTCValue
                0x0000213c       0x1c ./Timer_Program.o
                0x0000213c                TIMER2_voidSetCTCValue
 .text.main     0x00002158       0x4a ./main.o
                0x00002158                main
 .text.__vector_18
                0x000021a2       0x86 ./main.o
                0x000021a2                __vector_18
 .text.__vector_6
                0x00002228       0x2a ./main.o
                0x00002228                __vector_6
 .text.__vector_19
                0x00002252       0x80 ./main.o
                0x00002252                __vector_19
 .text.libgcc   0x000022d2       0x28 e:/amit/sdk_win_64-2/sdk_win_64/winavr/bin/../lib/gcc/avr/4.3.3/avr5\libgcc.a(_udivmodhi4.o)
                0x000022d2                __udivmodhi4
 .text.libgcc   0x000022fa       0x26 e:/amit/sdk_win_64-2/sdk_win_64/winavr/bin/../lib/gcc/avr/4.3.3/avr5\libgcc.a(_divmodhi4.o)
                0x000022fa                __divmodhi4
                0x000022fa                _div
 .text.libgcc   0x00002320        0x0 e:/amit/sdk_win_64-2/sdk_win_64/winavr/bin/../lib/gcc/avr/4.3.3/avr5\libgcc.a(_exit.o)
 .text.libgcc   0x00002320        0x0 e:/amit/sdk_win_64-2/sdk_win_64/winavr/bin/../lib/gcc/avr/4.3.3/avr5\libgcc.a(_copy_data.o)
 .text.libgcc   0x00002320        0x0 e:/amit/sdk_win_64-2/sdk_win_64/winavr/bin/../lib/gcc/avr/4.3.3/avr5\libgcc.a(_clear_bss.o)
 .text.libgcc   0x00002320       0x38 e:/amit/sdk_win_64-2/sdk_win_64/winavr/bin/../lib/gcc/avr/4.3.3/avr5\libgcc.a(_prologue.o)
                0x00002320                __prologue_saves__
 .text.libgcc   0x00002358       0x36 e:/amit/sdk_win_64-2/sdk_win_64/winavr/bin/../lib/gcc/avr/4.3.3/avr5\libgcc.a(_epilogue.o)
                0x00002358                __epilogue_restores__
                0x0000238e                . = ALIGN (0x2)
 *(.fini9)
 .fini9         0x0000238e        0x0 e:/amit/sdk_win_64-2/sdk_win_64/winavr/bin/../lib/gcc/avr/4.3.3/avr5\libgcc.a(_exit.o)
                0x0000238e                exit
                0x0000238e                _exit
 *(.fini9)
 *(.fini8)
 *(.fini8)
 *(.fini7)
 *(.fini7)
 *(.fini6)
 *(.fini6)
 *(.fini5)
 *(.fini5)
 *(.fini4)
 *(.fini4)
 *(.fini3)
 *(.fini3)
 *(.fini2)
 *(.fini2)
 *(.fini1)
 *(.fini1)
 *(.fini0)
 .fini0         0x0000238e        0x4 e:/amit/sdk_win_64-2/sdk_win_64/winavr/bin/../lib/gcc/avr/4.3.3/avr5\libgcc.a(_exit.o)
 *(.fini0)
                0x00002392                _etext = .

.data           0x00800060       0x12 load address 0x00002392
                0x00800060                PROVIDE (__data_start, .)
 *(.data)
 .data          0x00800060        0x0 e:/amit/sdk_win_64-2/sdk_win_64/winavr/bin/../lib/gcc/avr/4.3.3/../../../../avr/lib/avr5/crtm16.o
 .data          0x00800060        0x0 ./ADC_Program.o
 .data          0x00800060        0x0 ./Button_Program.o
 .data          0x00800060        0x0 ./C_H_Program.o
 .data          0x00800060        0x0 ./DIO_Program.o
 .data          0x00800060        0x0 ./EEPROM_Program.o
 .data          0x00800060        0x0 ./EXTI_Program.o
 .data          0x00800060        0x0 ./GIE_Program.o
 .data          0x00800060        0x0 ./LED_Program.o
 .data          0x00800060        0x0 ./SevenSegment_Program.o
 .data          0x00800060        0x0 ./System_Modes_Program.o
 .data          0x00800060        0x0 ./Timer_Program.o
 .data          0x00800060        0x0 ./main.o
 .data          0x00800060        0x0 e:/amit/sdk_win_64-2/sdk_win_64/winavr/bin/../lib/gcc/avr/4.3.3/avr5\libgcc.a(_udivmodhi4.o)
 .data          0x00800060        0x0 e:/amit/sdk_win_64-2/sdk_win_64/winavr/bin/../lib/gcc/avr/4.3.3/avr5\libgcc.a(_divmodhi4.o)
 .data          0x00800060        0x0 e:/amit/sdk_win_64-2/sdk_win_64/winavr/bin/../lib/gcc/avr/4.3.3/avr5\libgcc.a(_exit.o)
 .data          0x00800060        0x0 e:/amit/sdk_win_64-2/sdk_win_64/winavr/bin/../lib/gcc/avr/4.3.3/avr5\libgcc.a(_copy_data.o)
 .data          0x00800060        0x0 e:/amit/sdk_win_64-2/sdk_win_64/winavr/bin/../lib/gcc/avr/4.3.3/avr5\libgcc.a(_clear_bss.o)
 .data          0x00800060        0x0 e:/amit/sdk_win_64-2/sdk_win_64/winavr/bin/../lib/gcc/avr/4.3.3/avr5\libgcc.a(_fixunssfsi.o)
 .data          0x00800060        0x0 e:/amit/sdk_win_64-2/sdk_win_64/winavr/bin/../lib/gcc/avr/4.3.3/avr5\libgcc.a(_addsub_sf.o)
 .data          0x00800060        0x0 e:/amit/sdk_win_64-2/sdk_win_64/winavr/bin/../lib/gcc/avr/4.3.3/avr5\libgcc.a(_mul_sf.o)
 .data          0x00800060        0x0 e:/amit/sdk_win_64-2/sdk_win_64/winavr/bin/../lib/gcc/avr/4.3.3/avr5\libgcc.a(_gt_sf.o)
 .data          0x00800060        0x0 e:/amit/sdk_win_64-2/sdk_win_64/winavr/bin/../lib/gcc/avr/4.3.3/avr5\libgcc.a(_ge_sf.o)
 .data          0x00800060        0x0 e:/amit/sdk_win_64-2/sdk_win_64/winavr/bin/../lib/gcc/avr/4.3.3/avr5\libgcc.a(_lt_sf.o)
 .data          0x00800060        0x0 e:/amit/sdk_win_64-2/sdk_win_64/winavr/bin/../lib/gcc/avr/4.3.3/avr5\libgcc.a(_sf_to_si.o)
 .data          0x00800060        0x8 e:/amit/sdk_win_64-2/sdk_win_64/winavr/bin/../lib/gcc/avr/4.3.3/avr5\libgcc.a(_thenan_sf.o)
                0x00800060                __thenan_sf
 .data          0x00800068        0x0 e:/amit/sdk_win_64-2/sdk_win_64/winavr/bin/../lib/gcc/avr/4.3.3/avr5\libgcc.a(_prologue.o)
 .data          0x00800068        0x0 e:/amit/sdk_win_64-2/sdk_win_64/winavr/bin/../lib/gcc/avr/4.3.3/avr5\libgcc.a(_epilogue.o)
 .data          0x00800068        0x0 e:/amit/sdk_win_64-2/sdk_win_64/winavr/bin/../lib/gcc/avr/4.3.3/avr5\libgcc.a(_pack_sf.o)
 .data          0x00800068        0x0 e:/amit/sdk_win_64-2/sdk_win_64/winavr/bin/../lib/gcc/avr/4.3.3/avr5\libgcc.a(_unpack_sf.o)
 .data          0x00800068        0x0 e:/amit/sdk_win_64-2/sdk_win_64/winavr/bin/../lib/gcc/avr/4.3.3/avr5\libgcc.a(_fpcmp_parts_sf.o)
 *(.data*)
 .data.arr      0x00800068        0xa ./SevenSegment_Program.o
                0x00800068                arr
 *(.rodata)
 *(.rodata*)
 *(.gnu.linkonce.d*)
                0x00800072                . = ALIGN (0x2)
                0x00800072                _edata = .
                0x00800072                PROVIDE (__data_end, .)

.bss            0x00800072       0x22
                0x00800072                PROVIDE (__bss_start, .)
 *(.bss)
 .bss           0x00800072        0x0 e:/amit/sdk_win_64-2/sdk_win_64/winavr/bin/../lib/gcc/avr/4.3.3/../../../../avr/lib/avr5/crtm16.o
 .bss           0x00800072        0x0 ./ADC_Program.o
 .bss           0x00800072        0x0 ./Button_Program.o
 .bss           0x00800072        0x0 ./C_H_Program.o
 .bss           0x00800072        0x0 ./DIO_Program.o
 .bss           0x00800072        0x0 ./EEPROM_Program.o
 .bss           0x00800072        0x0 ./EXTI_Program.o
 .bss           0x00800072        0x0 ./GIE_Program.o
 .bss           0x00800072        0x0 ./LED_Program.o
 .bss           0x00800072        0x0 ./SevenSegment_Program.o
 .bss           0x00800072        0x0 ./System_Modes_Program.o
 .bss           0x00800072        0x0 ./Timer_Program.o
 .bss           0x00800072        0x0 ./main.o
 .bss           0x00800072        0x0 e:/amit/sdk_win_64-2/sdk_win_64/winavr/bin/../lib/gcc/avr/4.3.3/avr5\libgcc.a(_udivmodhi4.o)
 .bss           0x00800072        0x0 e:/amit/sdk_win_64-2/sdk_win_64/winavr/bin/../lib/gcc/avr/4.3.3/avr5\libgcc.a(_divmodhi4.o)
 .bss           0x00800072        0x0 e:/amit/sdk_win_64-2/sdk_win_64/winavr/bin/../lib/gcc/avr/4.3.3/avr5\libgcc.a(_exit.o)
 .bss           0x00800072        0x0 e:/amit/sdk_win_64-2/sdk_win_64/winavr/bin/../lib/gcc/avr/4.3.3/avr5\libgcc.a(_copy_data.o)
 .bss           0x00800072        0x0 e:/amit/sdk_win_64-2/sdk_win_64/winavr/bin/../lib/gcc/avr/4.3.3/avr5\libgcc.a(_clear_bss.o)
 .bss           0x00800072        0x0 e:/amit/sdk_win_64-2/sdk_win_64/winavr/bin/../lib/gcc/avr/4.3.3/avr5\libgcc.a(_fixunssfsi.o)
 .bss           0x00800072        0x0 e:/amit/sdk_win_64-2/sdk_win_64/winavr/bin/../lib/gcc/avr/4.3.3/avr5\libgcc.a(_addsub_sf.o)
 .bss           0x00800072        0x0 e:/amit/sdk_win_64-2/sdk_win_64/winavr/bin/../lib/gcc/avr/4.3.3/avr5\libgcc.a(_mul_sf.o)
 .bss           0x00800072        0x0 e:/amit/sdk_win_64-2/sdk_win_64/winavr/bin/../lib/gcc/avr/4.3.3/avr5\libgcc.a(_gt_sf.o)
 .bss           0x00800072        0x0 e:/amit/sdk_win_64-2/sdk_win_64/winavr/bin/../lib/gcc/avr/4.3.3/avr5\libgcc.a(_ge_sf.o)
 .bss           0x00800072        0x0 e:/amit/sdk_win_64-2/sdk_win_64/winavr/bin/../lib/gcc/avr/4.3.3/avr5\libgcc.a(_lt_sf.o)
 .bss           0x00800072        0x0 e:/amit/sdk_win_64-2/sdk_win_64/winavr/bin/../lib/gcc/avr/4.3.3/avr5\libgcc.a(_sf_to_si.o)
 .bss           0x00800072        0x0 e:/amit/sdk_win_64-2/sdk_win_64/winavr/bin/../lib/gcc/avr/4.3.3/avr5\libgcc.a(_thenan_sf.o)
 .bss           0x00800072        0x0 e:/amit/sdk_win_64-2/sdk_win_64/winavr/bin/../lib/gcc/avr/4.3.3/avr5\libgcc.a(_prologue.o)
 .bss           0x00800072        0x0 e:/amit/sdk_win_64-2/sdk_win_64/winavr/bin/../lib/gcc/avr/4.3.3/avr5\libgcc.a(_epilogue.o)
 .bss           0x00800072        0x0 e:/amit/sdk_win_64-2/sdk_win_64/winavr/bin/../lib/gcc/avr/4.3.3/avr5\libgcc.a(_pack_sf.o)
 .bss           0x00800072        0x0 e:/amit/sdk_win_64-2/sdk_win_64/winavr/bin/../lib/gcc/avr/4.3.3/avr5\libgcc.a(_unpack_sf.o)
 .bss           0x00800072        0x0 e:/amit/sdk_win_64-2/sdk_win_64/winavr/bin/../lib/gcc/avr/4.3.3/avr5\libgcc.a(_fpcmp_parts_sf.o)
 *(.bss*)
 *(COMMON)
 COMMON         0x00800072        0x1 ./ADC_Program.o
                0x00800072                State
 COMMON         0x00800073       0x21 ./System_Modes_Program.o
                0x00800073                arr_counter
                0x00800074                setting_counter
                0x00800075                target_temp
                0x00800077                toggle_f
                0x00800079                state
                0x0080007a                current_temp
                0x0080007c                avg_temp
                0x0080007e                temp_measure_counter
                0x0080007f                sensor_flag
                0x00800080                temp_arr
                0x00800094                PROVIDE (__bss_end, .)
                0x00002392                __data_load_start = LOADADDR (.data)
                0x000023a4                __data_load_end = (__data_load_start + SIZEOF (.data))

.noinit         0x00800094        0x0
                0x00800094                PROVIDE (__noinit_start, .)
 *(.noinit*)
                0x00800094                PROVIDE (__noinit_end, .)
                0x00800094                _end = .
                0x00800094                PROVIDE (__heap_start, .)

.eeprom         0x00810000        0x0
 *(.eeprom*)
                0x00810000                __eeprom_end = .

.fuse
 *(.fuse)
 *(.lfuse)
 *(.hfuse)
 *(.efuse)

.lock
 *(.lock*)

.signature
 *(.signature*)

.stab           0x00000000     0x2b44
 *(.stab)
 .stab          0x00000000      0x2c4 ./ADC_Program.o
 .stab          0x000002c4      0x528 ./Button_Program.o
                                0x5d0 (size before relaxing)
 .stab          0x000007ec      0x21c ./C_H_Program.o
                                0x2dc (size before relaxing)
 .stab          0x00000a08      0x7bc ./DIO_Program.o
                                0x87c (size before relaxing)
 .stab          0x000011c4      0x2f4 ./EEPROM_Program.o
                                0x528 (size before relaxing)
 .stab          0x000014b8      0x1bc ./EXTI_Program.o
                                0x264 (size before relaxing)
 .stab          0x00001674      0x150 ./GIE_Program.o
                                0x1f8 (size before relaxing)
 .stab          0x000017c4      0x1e0 ./LED_Program.o
                                0x36c (size before relaxing)
 .stab          0x000019a4      0x4b0 ./SevenSegment_Program.o
                                0x708 (size before relaxing)
 .stab          0x00001e54      0x744 ./System_Modes_Program.o
                                0x99c (size before relaxing)
 .stab          0x00002598      0x2b8 ./Timer_Program.o
                                0x360 (size before relaxing)
 .stab          0x00002850      0x2f4 ./main.o
                                0x54c (size before relaxing)

.stabstr        0x00000000     0x12ac
 *(.stabstr)
 .stabstr       0x00000000     0x12ac ./ADC_Program.o

.stab.excl
 *(.stab.excl)

.stab.exclstr
 *(.stab.exclstr)

.stab.index
 *(.stab.index)

.stab.indexstr
 *(.stab.indexstr)

.comment
 *(.comment)

.debug
 *(.debug)

.line
 *(.line)

.debug_srcinfo
 *(.debug_srcinfo)

.debug_sfnames
 *(.debug_sfnames)

.debug_aranges  0x00000000      0x140
 *(.debug_aranges)
 .debug_aranges
                0x00000000       0x20 e:/amit/sdk_win_64-2/sdk_win_64/winavr/bin/../lib/gcc/avr/4.3.3/avr5\libgcc.a(_fixunssfsi.o)
 .debug_aranges
                0x00000020       0x20 e:/amit/sdk_win_64-2/sdk_win_64/winavr/bin/../lib/gcc/avr/4.3.3/avr5\libgcc.a(_addsub_sf.o)
 .debug_aranges
                0x00000040       0x20 e:/amit/sdk_win_64-2/sdk_win_64/winavr/bin/../lib/gcc/avr/4.3.3/avr5\libgcc.a(_mul_sf.o)
 .debug_aranges
                0x00000060       0x20 e:/amit/sdk_win_64-2/sdk_win_64/winavr/bin/../lib/gcc/avr/4.3.3/avr5\libgcc.a(_gt_sf.o)
 .debug_aranges
                0x00000080       0x20 e:/amit/sdk_win_64-2/sdk_win_64/winavr/bin/../lib/gcc/avr/4.3.3/avr5\libgcc.a(_ge_sf.o)
 .debug_aranges
                0x000000a0       0x20 e:/amit/sdk_win_64-2/sdk_win_64/winavr/bin/../lib/gcc/avr/4.3.3/avr5\libgcc.a(_lt_sf.o)
 .debug_aranges
                0x000000c0       0x20 e:/amit/sdk_win_64-2/sdk_win_64/winavr/bin/../lib/gcc/avr/4.3.3/avr5\libgcc.a(_sf_to_si.o)
 .debug_aranges
                0x000000e0       0x20 e:/amit/sdk_win_64-2/sdk_win_64/winavr/bin/../lib/gcc/avr/4.3.3/avr5\libgcc.a(_pack_sf.o)
 .debug_aranges
                0x00000100       0x20 e:/amit/sdk_win_64-2/sdk_win_64/winavr/bin/../lib/gcc/avr/4.3.3/avr5\libgcc.a(_unpack_sf.o)
 .debug_aranges
                0x00000120       0x20 e:/amit/sdk_win_64-2/sdk_win_64/winavr/bin/../lib/gcc/avr/4.3.3/avr5\libgcc.a(_fpcmp_parts_sf.o)

.debug_pubnames
                0x00000000      0x170
 *(.debug_pubnames)
 .debug_pubnames
                0x00000000       0x23 e:/amit/sdk_win_64-2/sdk_win_64/winavr/bin/../lib/gcc/avr/4.3.3/avr5\libgcc.a(_fixunssfsi.o)
 .debug_pubnames
                0x00000023       0x2c e:/amit/sdk_win_64-2/sdk_win_64/winavr/bin/../lib/gcc/avr/4.3.3/avr5\libgcc.a(_addsub_sf.o)
 .debug_pubnames
                0x0000004f       0x1f e:/amit/sdk_win_64-2/sdk_win_64/winavr/bin/../lib/gcc/avr/4.3.3/avr5\libgcc.a(_mul_sf.o)
 .debug_pubnames
                0x0000006e       0x1e e:/amit/sdk_win_64-2/sdk_win_64/winavr/bin/../lib/gcc/avr/4.3.3/avr5\libgcc.a(_gt_sf.o)
 .debug_pubnames
                0x0000008c       0x1e e:/amit/sdk_win_64-2/sdk_win_64/winavr/bin/../lib/gcc/avr/4.3.3/avr5\libgcc.a(_ge_sf.o)
 .debug_pubnames
                0x000000aa       0x1e e:/amit/sdk_win_64-2/sdk_win_64/winavr/bin/../lib/gcc/avr/4.3.3/avr5\libgcc.a(_lt_sf.o)
 .debug_pubnames
                0x000000c8       0x20 e:/amit/sdk_win_64-2/sdk_win_64/winavr/bin/../lib/gcc/avr/4.3.3/avr5\libgcc.a(_sf_to_si.o)
 .debug_pubnames
                0x000000e8       0x22 e:/amit/sdk_win_64-2/sdk_win_64/winavr/bin/../lib/gcc/avr/4.3.3/avr5\libgcc.a(_thenan_sf.o)
 .debug_pubnames
                0x0000010a       0x1f e:/amit/sdk_win_64-2/sdk_win_64/winavr/bin/../lib/gcc/avr/4.3.3/avr5\libgcc.a(_pack_sf.o)
 .debug_pubnames
                0x00000129       0x21 e:/amit/sdk_win_64-2/sdk_win_64/winavr/bin/../lib/gcc/avr/4.3.3/avr5\libgcc.a(_unpack_sf.o)
 .debug_pubnames
                0x0000014a       0x26 e:/amit/sdk_win_64-2/sdk_win_64/winavr/bin/../lib/gcc/avr/4.3.3/avr5\libgcc.a(_fpcmp_parts_sf.o)

.debug_info     0x00000000     0x1c49
 *(.debug_info)
 .debug_info    0x00000000       0xb1 e:/amit/sdk_win_64-2/sdk_win_64/winavr/bin/../lib/gcc/avr/4.3.3/avr5\libgcc.a(_fixunssfsi.o)
 .debug_info    0x000000b1      0x47a e:/amit/sdk_win_64-2/sdk_win_64/winavr/bin/../lib/gcc/avr/4.3.3/avr5\libgcc.a(_addsub_sf.o)
 .debug_info    0x0000052b      0x485 e:/amit/sdk_win_64-2/sdk_win_64/winavr/bin/../lib/gcc/avr/4.3.3/avr5\libgcc.a(_mul_sf.o)
 .debug_info    0x000009b0      0x27f e:/amit/sdk_win_64-2/sdk_win_64/winavr/bin/../lib/gcc/avr/4.3.3/avr5\libgcc.a(_gt_sf.o)
 .debug_info    0x00000c2f      0x27f e:/amit/sdk_win_64-2/sdk_win_64/winavr/bin/../lib/gcc/avr/4.3.3/avr5\libgcc.a(_ge_sf.o)
 .debug_info    0x00000eae      0x27f e:/amit/sdk_win_64-2/sdk_win_64/winavr/bin/../lib/gcc/avr/4.3.3/avr5\libgcc.a(_lt_sf.o)
 .debug_info    0x0000112d      0x2b0 e:/amit/sdk_win_64-2/sdk_win_64/winavr/bin/../lib/gcc/avr/4.3.3/avr5\libgcc.a(_sf_to_si.o)
 .debug_info    0x000013dd      0x12c e:/amit/sdk_win_64-2/sdk_win_64/winavr/bin/../lib/gcc/avr/4.3.3/avr5\libgcc.a(_thenan_sf.o)
 .debug_info    0x00001509      0x2df e:/amit/sdk_win_64-2/sdk_win_64/winavr/bin/../lib/gcc/avr/4.3.3/avr5\libgcc.a(_pack_sf.o)
 .debug_info    0x000017e8      0x251 e:/amit/sdk_win_64-2/sdk_win_64/winavr/bin/../lib/gcc/avr/4.3.3/avr5\libgcc.a(_unpack_sf.o)
 .debug_info    0x00001a39      0x210 e:/amit/sdk_win_64-2/sdk_win_64/winavr/bin/../lib/gcc/avr/4.3.3/avr5\libgcc.a(_fpcmp_parts_sf.o)
 *(.gnu.linkonce.wi.*)

.debug_abbrev   0x00000000      0xeeb
 *(.debug_abbrev)
 .debug_abbrev  0x00000000       0x5d e:/amit/sdk_win_64-2/sdk_win_64/winavr/bin/../lib/gcc/avr/4.3.3/avr5\libgcc.a(_fixunssfsi.o)
 .debug_abbrev  0x0000005d      0x1ea e:/amit/sdk_win_64-2/sdk_win_64/winavr/bin/../lib/gcc/avr/4.3.3/avr5\libgcc.a(_addsub_sf.o)
 .debug_abbrev  0x00000247      0x21b e:/amit/sdk_win_64-2/sdk_win_64/winavr/bin/../lib/gcc/avr/4.3.3/avr5\libgcc.a(_mul_sf.o)
 .debug_abbrev  0x00000462      0x15a e:/amit/sdk_win_64-2/sdk_win_64/winavr/bin/../lib/gcc/avr/4.3.3/avr5\libgcc.a(_gt_sf.o)
 .debug_abbrev  0x000005bc      0x15a e:/amit/sdk_win_64-2/sdk_win_64/winavr/bin/../lib/gcc/avr/4.3.3/avr5\libgcc.a(_ge_sf.o)
 .debug_abbrev  0x00000716      0x15a e:/amit/sdk_win_64-2/sdk_win_64/winavr/bin/../lib/gcc/avr/4.3.3/avr5\libgcc.a(_lt_sf.o)
 .debug_abbrev  0x00000870      0x17f e:/amit/sdk_win_64-2/sdk_win_64/winavr/bin/../lib/gcc/avr/4.3.3/avr5\libgcc.a(_sf_to_si.o)
 .debug_abbrev  0x000009ef       0xad e:/amit/sdk_win_64-2/sdk_win_64/winavr/bin/../lib/gcc/avr/4.3.3/avr5\libgcc.a(_thenan_sf.o)
 .debug_abbrev  0x00000a9c      0x1c0 e:/amit/sdk_win_64-2/sdk_win_64/winavr/bin/../lib/gcc/avr/4.3.3/avr5\libgcc.a(_pack_sf.o)
 .debug_abbrev  0x00000c5c      0x154 e:/amit/sdk_win_64-2/sdk_win_64/winavr/bin/../lib/gcc/avr/4.3.3/avr5\libgcc.a(_unpack_sf.o)
 .debug_abbrev  0x00000db0      0x13b e:/amit/sdk_win_64-2/sdk_win_64/winavr/bin/../lib/gcc/avr/4.3.3/avr5\libgcc.a(_fpcmp_parts_sf.o)

.debug_line     0x00000000      0xdad
 *(.debug_line)
 .debug_line    0x00000000       0xa7 e:/amit/sdk_win_64-2/sdk_win_64/winavr/bin/../lib/gcc/avr/4.3.3/avr5\libgcc.a(_fixunssfsi.o)
 .debug_line    0x000000a7      0x2af e:/amit/sdk_win_64-2/sdk_win_64/winavr/bin/../lib/gcc/avr/4.3.3/avr5\libgcc.a(_addsub_sf.o)
 .debug_line    0x00000356      0x239 e:/amit/sdk_win_64-2/sdk_win_64/winavr/bin/../lib/gcc/avr/4.3.3/avr5\libgcc.a(_mul_sf.o)
 .debug_line    0x0000058f       0xd3 e:/amit/sdk_win_64-2/sdk_win_64/winavr/bin/../lib/gcc/avr/4.3.3/avr5\libgcc.a(_gt_sf.o)
 .debug_line    0x00000662       0xd3 e:/amit/sdk_win_64-2/sdk_win_64/winavr/bin/../lib/gcc/avr/4.3.3/avr5\libgcc.a(_ge_sf.o)
 .debug_line    0x00000735       0xd3 e:/amit/sdk_win_64-2/sdk_win_64/winavr/bin/../lib/gcc/avr/4.3.3/avr5\libgcc.a(_lt_sf.o)
 .debug_line    0x00000808      0x109 e:/amit/sdk_win_64-2/sdk_win_64/winavr/bin/../lib/gcc/avr/4.3.3/avr5\libgcc.a(_sf_to_si.o)
 .debug_line    0x00000911       0x90 e:/amit/sdk_win_64-2/sdk_win_64/winavr/bin/../lib/gcc/avr/4.3.3/avr5\libgcc.a(_thenan_sf.o)
 .debug_line    0x000009a1      0x18a e:/amit/sdk_win_64-2/sdk_win_64/winavr/bin/../lib/gcc/avr/4.3.3/avr5\libgcc.a(_pack_sf.o)
 .debug_line    0x00000b2b      0x14b e:/amit/sdk_win_64-2/sdk_win_64/winavr/bin/../lib/gcc/avr/4.3.3/avr5\libgcc.a(_unpack_sf.o)
 .debug_line    0x00000c76      0x137 e:/amit/sdk_win_64-2/sdk_win_64/winavr/bin/../lib/gcc/avr/4.3.3/avr5\libgcc.a(_fpcmp_parts_sf.o)

.debug_frame    0x00000000      0x160
 *(.debug_frame)
 .debug_frame   0x00000000       0x20 e:/amit/sdk_win_64-2/sdk_win_64/winavr/bin/../lib/gcc/avr/4.3.3/avr5\libgcc.a(_fixunssfsi.o)
 .debug_frame   0x00000020       0x40 e:/amit/sdk_win_64-2/sdk_win_64/winavr/bin/../lib/gcc/avr/4.3.3/avr5\libgcc.a(_addsub_sf.o)
 .debug_frame   0x00000060       0x20 e:/amit/sdk_win_64-2/sdk_win_64/winavr/bin/../lib/gcc/avr/4.3.3/avr5\libgcc.a(_mul_sf.o)
 .debug_frame   0x00000080       0x20 e:/amit/sdk_win_64-2/sdk_win_64/winavr/bin/../lib/gcc/avr/4.3.3/avr5\libgcc.a(_gt_sf.o)
 .debug_frame   0x000000a0       0x20 e:/amit/sdk_win_64-2/sdk_win_64/winavr/bin/../lib/gcc/avr/4.3.3/avr5\libgcc.a(_ge_sf.o)
 .debug_frame   0x000000c0       0x20 e:/amit/sdk_win_64-2/sdk_win_64/winavr/bin/../lib/gcc/avr/4.3.3/avr5\libgcc.a(_lt_sf.o)
 .debug_frame   0x000000e0       0x20 e:/amit/sdk_win_64-2/sdk_win_64/winavr/bin/../lib/gcc/avr/4.3.3/avr5\libgcc.a(_sf_to_si.o)
 .debug_frame   0x00000100       0x20 e:/amit/sdk_win_64-2/sdk_win_64/winavr/bin/../lib/gcc/avr/4.3.3/avr5\libgcc.a(_pack_sf.o)
 .debug_frame   0x00000120       0x20 e:/amit/sdk_win_64-2/sdk_win_64/winavr/bin/../lib/gcc/avr/4.3.3/avr5\libgcc.a(_unpack_sf.o)
 .debug_frame   0x00000140       0x20 e:/amit/sdk_win_64-2/sdk_win_64/winavr/bin/../lib/gcc/avr/4.3.3/avr5\libgcc.a(_fpcmp_parts_sf.o)

.debug_str      0x00000000      0x28d
 *(.debug_str)
 .debug_str     0x00000000       0xbf e:/amit/sdk_win_64-2/sdk_win_64/winavr/bin/../lib/gcc/avr/4.3.3/avr5\libgcc.a(_fixunssfsi.o)
                                 0xfe (size before relaxing)
 .debug_str     0x000000bf      0x14d e:/amit/sdk_win_64-2/sdk_win_64/winavr/bin/../lib/gcc/avr/4.3.3/avr5\libgcc.a(_addsub_sf.o)
                                0x206 (size before relaxing)
 .debug_str     0x0000020c       0x27 e:/amit/sdk_win_64-2/sdk_win_64/winavr/bin/../lib/gcc/avr/4.3.3/avr5\libgcc.a(_mul_sf.o)
                                0x1bf (size before relaxing)
 .debug_str     0x00000233        0xf e:/amit/sdk_win_64-2/sdk_win_64/winavr/bin/../lib/gcc/avr/4.3.3/avr5\libgcc.a(_gt_sf.o)
                                0x195 (size before relaxing)
 .debug_str     0x00000242        0x8 e:/amit/sdk_win_64-2/sdk_win_64/winavr/bin/../lib/gcc/avr/4.3.3/avr5\libgcc.a(_ge_sf.o)
                                0x195 (size before relaxing)
 .debug_str     0x0000024a        0x8 e:/amit/sdk_win_64-2/sdk_win_64/winavr/bin/../lib/gcc/avr/4.3.3/avr5\libgcc.a(_lt_sf.o)
                                0x195 (size before relaxing)
 .debug_str     0x00000252        0xa e:/amit/sdk_win_64-2/sdk_win_64/winavr/bin/../lib/gcc/avr/4.3.3/avr5\libgcc.a(_sf_to_si.o)
                                0x19e (size before relaxing)
 .debug_str     0x00000000      0x103 e:/amit/sdk_win_64-2/sdk_win_64/winavr/bin/../lib/gcc/avr/4.3.3/avr5\libgcc.a(_thenan_sf.o)
 .debug_str     0x0000025c       0x16 e:/amit/sdk_win_64-2/sdk_win_64/winavr/bin/../lib/gcc/avr/4.3.3/avr5\libgcc.a(_pack_sf.o)
                                0x19d (size before relaxing)
 .debug_str     0x00000272        0xb e:/amit/sdk_win_64-2/sdk_win_64/winavr/bin/../lib/gcc/avr/4.3.3/avr5\libgcc.a(_unpack_sf.o)
                                0x17f (size before relaxing)
 .debug_str     0x0000027d       0x10 e:/amit/sdk_win_64-2/sdk_win_64/winavr/bin/../lib/gcc/avr/4.3.3/avr5\libgcc.a(_fpcmp_parts_sf.o)
                                0x163 (size before relaxing)

.debug_loc      0x00000000      0x7ce
 *(.debug_loc)
 .debug_loc     0x00000000       0x34 e:/amit/sdk_win_64-2/sdk_win_64/winavr/bin/../lib/gcc/avr/4.3.3/avr5\libgcc.a(_fixunssfsi.o)
 .debug_loc     0x00000034      0x32a e:/amit/sdk_win_64-2/sdk_win_64/winavr/bin/../lib/gcc/avr/4.3.3/avr5\libgcc.a(_addsub_sf.o)
 .debug_loc     0x0000035e      0x104 e:/amit/sdk_win_64-2/sdk_win_64/winavr/bin/../lib/gcc/avr/4.3.3/avr5\libgcc.a(_mul_sf.o)
 .debug_loc     0x00000462       0x3c e:/amit/sdk_win_64-2/sdk_win_64/winavr/bin/../lib/gcc/avr/4.3.3/avr5\libgcc.a(_gt_sf.o)
 .debug_loc     0x0000049e       0x3c e:/amit/sdk_win_64-2/sdk_win_64/winavr/bin/../lib/gcc/avr/4.3.3/avr5\libgcc.a(_ge_sf.o)
 .debug_loc     0x000004da       0x3c e:/amit/sdk_win_64-2/sdk_win_64/winavr/bin/../lib/gcc/avr/4.3.3/avr5\libgcc.a(_lt_sf.o)
 .debug_loc     0x00000516       0x7e e:/amit/sdk_win_64-2/sdk_win_64/winavr/bin/../lib/gcc/avr/4.3.3/avr5\libgcc.a(_sf_to_si.o)
 .debug_loc     0x00000594      0x13e e:/amit/sdk_win_64-2/sdk_win_64/winavr/bin/../lib/gcc/avr/4.3.3/avr5\libgcc.a(_pack_sf.o)
 .debug_loc     0x000006d2       0xac e:/amit/sdk_win_64-2/sdk_win_64/winavr/bin/../lib/gcc/avr/4.3.3/avr5\libgcc.a(_unpack_sf.o)
 .debug_loc     0x0000077e       0x50 e:/amit/sdk_win_64-2/sdk_win_64/winavr/bin/../lib/gcc/avr/4.3.3/avr5\libgcc.a(_fpcmp_parts_sf.o)

.debug_macinfo
 *(.debug_macinfo)
OUTPUT(Project.elf elf32-avr)
LOAD linker stubs

.debug_ranges   0x00000000       0x50
 .debug_ranges  0x00000000       0x50 e:/amit/sdk_win_64-2/sdk_win_64/winavr/bin/../lib/gcc/avr/4.3.3/avr5\libgcc.a(_mul_sf.o)
